// Vitest Snapshot v1, https://vitest.dev/guide/snapshot.html

exports[`prompt drift is pinned — the extract contract cannot change silently > EXTRACT_JSON_SCHEMA matches its snapshot 1`] = `
{
  "additionalProperties": false,
  "properties": {
    "buyingMomentContext": {
      "items": {
        "additionalProperties": false,
        "properties": {
          "snippet": {
            "type": "string",
          },
          "sourceUrl": {
            "type": "string",
          },
          "value": {
            "type": "string",
          },
        },
        "required": [
          "value",
          "sourceUrl",
          "snippet",
        ],
        "type": "object",
      },
      "type": "array",
    },
    "decisionMaker": {
      "anyOf": [
        {
          "additionalProperties": false,
          "properties": {
            "email": {
              "anyOf": [
                {
                  "additionalProperties": false,
                  "properties": {
                    "snippet": {
                      "type": "string",
                    },
                    "sourceUrl": {
                      "type": "string",
                    },
                    "value": {
                      "type": "string",
                    },
                  },
                  "required": [
                    "value",
                    "sourceUrl",
                    "snippet",
                  ],
                  "type": "object",
                },
                {
                  "type": "null",
                },
              ],
            },
            "linkedinUrl": {
              "anyOf": [
                {
                  "additionalProperties": false,
                  "properties": {
                    "snippet": {
                      "type": "string",
                    },
                    "sourceUrl": {
                      "type": "string",
                    },
                    "value": {
                      "type": "string",
                    },
                  },
                  "required": [
                    "value",
                    "sourceUrl",
                    "snippet",
                  ],
                  "type": "object",
                },
                {
                  "type": "null",
                },
              ],
            },
            "name": {
              "anyOf": [
                {
                  "additionalProperties": false,
                  "properties": {
                    "snippet": {
                      "type": "string",
                    },
                    "sourceUrl": {
                      "type": "string",
                    },
                    "value": {
                      "type": "string",
                    },
                  },
                  "required": [
                    "value",
                    "sourceUrl",
                    "snippet",
                  ],
                  "type": "object",
                },
                {
                  "type": "null",
                },
              ],
            },
            "role": {
              "additionalProperties": false,
              "properties": {
                "snippet": {
                  "type": "string",
                },
                "sourceUrl": {
                  "type": "string",
                },
                "value": {
                  "type": "string",
                },
              },
              "required": [
                "value",
                "sourceUrl",
                "snippet",
              ],
              "type": "object",
            },
          },
          "required": [
            "name",
            "role",
            "email",
            "linkedinUrl",
          ],
          "type": "object",
        },
        {
          "type": "null",
        },
      ],
    },
    "ehr": {
      "anyOf": [
        {
          "additionalProperties": false,
          "properties": {
            "snippet": {
              "type": "string",
            },
            "sourceUrl": {
              "type": "string",
            },
            "value": {
              "type": "string",
            },
          },
          "required": [
            "value",
            "sourceUrl",
            "snippet",
          ],
          "type": "object",
        },
        {
          "type": "null",
        },
      ],
    },
    "firmographics": {
      "additionalProperties": false,
      "properties": {
        "specialty": {
          "anyOf": [
            {
              "additionalProperties": false,
              "properties": {
                "snippet": {
                  "type": "string",
                },
                "sourceUrl": {
                  "type": "string",
                },
                "value": {
                  "type": "string",
                },
              },
              "required": [
                "value",
                "sourceUrl",
                "snippet",
              ],
              "type": "object",
            },
            {
              "type": "null",
            },
          ],
        },
        "website": {
          "anyOf": [
            {
              "additionalProperties": false,
              "properties": {
                "snippet": {
                  "type": "string",
                },
                "sourceUrl": {
                  "type": "string",
                },
                "value": {
                  "type": "string",
                },
              },
              "required": [
                "value",
                "sourceUrl",
                "snippet",
              ],
              "type": "object",
            },
            {
              "type": "null",
            },
          ],
        },
        "yearFounded": {
          "anyOf": [
            {
              "additionalProperties": false,
              "properties": {
                "snippet": {
                  "type": "string",
                },
                "sourceUrl": {
                  "type": "string",
                },
                "value": {
                  "type": "string",
                },
              },
              "required": [
                "value",
                "sourceUrl",
                "snippet",
              ],
              "type": "object",
            },
            {
              "type": "null",
            },
          ],
        },
      },
      "required": [
        "specialty",
        "website",
        "yearFounded",
      ],
      "type": "object",
    },
    "incumbentTooling": {
      "items": {
        "additionalProperties": false,
        "properties": {
          "snippet": {
            "type": "string",
          },
          "sourceUrl": {
            "type": "string",
          },
          "value": {
            "type": "string",
          },
        },
        "required": [
          "value",
          "sourceUrl",
          "snippet",
        ],
        "type": "object",
      },
      "type": "array",
    },
  },
  "required": [
    "firmographics",
    "ehr",
    "incumbentTooling",
    "decisionMaker",
    "buyingMomentContext",
  ],
  "type": "object",
}
`;

exports[`prompt drift is pinned — the extract contract cannot change silently > EXTRACT_SYSTEM_PROMPT matches its snapshot 1`] = `
"You are a B2B GTM researcher for a healthcare-software sales team. You are given the FULL TEXT of pages from ONE medical practice's website.

HARD RULES — these are constraints, not preferences:
1. Every fact must come from the supplied page text. Never use prior knowledge, never infer, never estimate.
2. "sourceUrl" MUST be copied EXACTLY from the "=== SOURCE: <url> ===" header of the page the fact came from.
3. "snippet" MUST be a VERBATIM, CONTIGUOUS substring of that page's text — copy and paste it. Do not paraphrase, do not fix typos, do not join across a gap. Keep it under 200 characters.
4. If a fact is not stated in the supplied text, return null (or omit it from an array). CRITICAL: if you cannot find a single CONTIGUOUS verbatim span that by itself proves the fact, OMIT THE FACT. Never stitch a snippet together from separate parts of a page. A count you had to tally yourself is not citable — omit it.
5. QUOTED FIELDS — "ehr", "incumbentTooling", "yearFounded", and the decision-maker's "name", "role" and "email". For these, the "value" MUST appear CHARACTER-FOR-CHARACTER inside the "snippet" you supply for it, as a WHOLE WORD or phrase — not as letters inside a longer word. Copy it out of the snippet. If no single contiguous span of the page contains the value, OMIT the fact — do not supply a nearby sentence instead.
   VALID:   {"value": "ModMed EMA", "snippet": "Our patient portal is powered by ModMed EMA."}
   INVALID: {"value": "Epic",       "snippet": "Our patient portal is powered by ModMed EMA."}   <- the snippet is real and it does not say Epic. This fact will be discarded.
   INVALID: {"value": "Epic",       "snippet": "We use Epicare for scheduling."}                 <- "Epic" is only letters inside "Epicare". Return "Epicare".
   For "incumbentTooling", the value is the tool's NAME exactly as the page prints it — "Podium", not "Podium reviews".
6. LABELLED FIELDS — "specialty", "website", "linkedinUrl" and "buyingMomentContext". For these the "value" is your own short label for what the snippet says, so it need NOT appear inside the snippet. The snippet must still be a verbatim span of the cited page. Example: {"value": "Orthopedics", "snippet": "Metro Ortho Group is Denver's largest independent orthopedic practice."}
7. Do NOT report how many locations or how many providers the practice has. Those are tallies with no single sentence that proves them. Code counts them from the evidence you cite.
8. "decisionMaker" is the person who would buy front-desk / patient-communication software. Choose WHO in this order of preference: practice manager, practice administrator, director of operations, COO, CEO, practice founder, or the OWNER-PHYSICIAN. A founding or owner physician named on an About or Team page IS a valid decision-maker — name them.
   The words in that list tell you who to LOOK FOR. They are not the value you return. "role" is a QUOTED field (rule 5): return that person's title or credential COPIED VERBATIM from the page — "Practice Administrator", "Chief Operating Officer", "MD". Never return a category word from the list above unless the page actually prints it.
   If the page names a person but prints no title or credential anywhere for them, return "decisionMaker": null — do not invent a title.
   If the page states a role but names no individual ("report directly to the Office Manager"), return that role verbatim with "name": null. That is the correct degradation, not a failure.
9. "buyingMomentContext" is timing intelligence a static data vendor cannot have: a new location, an acquisition or PE deal, a front-desk hiring push, a publicly announced expansion or new service line. Only what a page states.
10. Business information only. Never a patient. Staff appear only in their professional capacity.
11. The only firmographics fields are "specialty", "website" and "yearFounded". Set a field to null unless a page states it.

Every fact object is exactly {"value", "sourceUrl", "snippet"}. Return null for any fact the pages do not state."
`;
